ARM Linker, 5.03 [Build 76] [MDK-ARM Lite]

==============================================================================

Section Cross References

    main.o(.text) refers to uart.o(.text) for uartInitM4_BTN
    main.o(.text) refers to motor.o(.text) for motor_init
    main.o(.text) refers to adc.o(.text) for ADC0_init
    startup_tm4c123 .o(STACK) refers (Special) to heapauxi.o(.text) for __use_two_region_memory
    startup_tm4c123 .o(HEAP) refers (Special) to heapauxi.o(.text) for __use_two_region_memory
    startup_tm4c123 .o(RESET) refers (Special) to heapauxi.o(.text) for __use_two_region_memory
    startup_tm4c123 .o(RESET) refers to startup_tm4c123 .o(STACK) for __initial_sp
    startup_tm4c123 .o(RESET) refers to startup_tm4c123 .o(.text) for Reset_Handler
    startup_tm4c123 .o(.text) refers (Special) to heapauxi.o(.text) for __use_two_region_memory
    startup_tm4c123 .o(.text) refers to __main.o(!!!main) for __main
    startup_tm4c123 .o(.text) refers to startup_tm4c123 .o(HEAP) for Heap_Mem
    startup_tm4c123 .o(.text) refers to startup_tm4c123 .o(STACK) for Stack_Mem
    uart.o(.text) refers to dflt_clz.o(x$fpl$dfltu) for __aeabi_ui2d
    uart.o(.text) refers to dmul.o(x$fpl$dmul) for __aeabi_dmul
    uart.o(.text) refers to ddiv.o(x$fpl$ddiv) for __aeabi_ddiv
    uart.o(.text) refers to daddsub_clz.o(x$fpl$dsub) for __aeabi_dsub
    uart.o(.text) refers to daddsub_clz.o(x$fpl$dadd) for __aeabi_dadd
    uart.o(.text) refers to d2f.o(x$fpl$d2f) for __aeabi_d2f
    motor.o(.text) refers to motor.o(.constdata) for sequence
    pwm.o(.text) refers to dflt_clz.o(x$fpl$dfltu) for __aeabi_ui2d
    pwm.o(.text) refers to ddiv.o(x$fpl$ddiv) for __aeabi_ddiv
    pwm.o(.text) refers to daddsub_clz.o(x$fpl$drsb) for __aeabi_drsub
    pwm.o(.text) refers to dmul.o(x$fpl$dmul) for __aeabi_dmul
    pwm.o(.text) refers to daddsub_clz.o(x$fpl$dsub) for __aeabi_dsub
    pwm.o(.text) refers to dfixu.o(x$fpl$dfixu) for __aeabi_d2uiz
    __main.o(!!!main) refers to rtentry.o(.ARM.Collect$$rtentry$$00000000) for __rt_entry
    d2f.o(x$fpl$d2f) refers (Special) to usenofp.o(x$fpl$usenofp) for __I$use$fp
    d2f.o(x$fpl$d2f) refers to fretinf.o(x$fpl$fretinf) for __fpl_fretinf
    d2f.o(x$fpl$d2f) refers to dnaninf.o(x$fpl$dnaninf) for __fpl_dnaninf
    daddsub_clz.o(x$fpl$dadd) refers (Special) to usenofp.o(x$fpl$usenofp) for __I$use$fp
    daddsub_clz.o(x$fpl$dadd) refers to daddsub_clz.o(x$fpl$dsub) for _dsub1
    daddsub_clz.o(x$fpl$dadd) refers to dretinf.o(x$fpl$dretinf) for __fpl_dretinf
    daddsub_clz.o(x$fpl$dadd) refers to dnaninf.o(x$fpl$dnaninf) for __fpl_dnaninf
    daddsub_clz.o(x$fpl$drsb) refers (Special) to usenofp.o(x$fpl$usenofp) for __I$use$fp
    daddsub_clz.o(x$fpl$drsb) refers to daddsub_clz.o(x$fpl$dadd) for _dadd1
    daddsub_clz.o(x$fpl$drsb) refers to daddsub_clz.o(x$fpl$dsub) for _dsub1
    daddsub_clz.o(x$fpl$dsub) refers (Special) to usenofp.o(x$fpl$usenofp) for __I$use$fp
    daddsub_clz.o(x$fpl$dsub) refers to daddsub_clz.o(x$fpl$dadd) for _dadd1
    daddsub_clz.o(x$fpl$dsub) refers to dnaninf.o(x$fpl$dnaninf) for __fpl_dnaninf
    ddiv.o(x$fpl$drdiv) refers (Special) to usenofp.o(x$fpl$usenofp) for __I$use$fp
    ddiv.o(x$fpl$drdiv) refers to ddiv.o(x$fpl$ddiv) for ddiv_entry
    ddiv.o(x$fpl$ddiv) refers (Special) to usenofp.o(x$fpl$usenofp) for __I$use$fp
    ddiv.o(x$fpl$ddiv) refers to dretinf.o(x$fpl$dretinf) for __fpl_dretinf
    ddiv.o(x$fpl$ddiv) refers to dnaninf.o(x$fpl$dnaninf) for __fpl_dnaninf
    dfixu.o(x$fpl$dfixu) refers (Special) to usenofp.o(x$fpl$usenofp) for __I$use$fp
    dfixu.o(x$fpl$dfixu) refers to dnaninf.o(x$fpl$dnaninf) for __fpl_dnaninf
    dfixu.o(x$fpl$dfixur) refers (Special) to usenofp.o(x$fpl$usenofp) for __I$use$fp
    dfixu.o(x$fpl$dfixur) refers to dnaninf.o(x$fpl$dnaninf) for __fpl_dnaninf
    dflt_clz.o(x$fpl$dfltu) refers (Special) to usenofp.o(x$fpl$usenofp) for __I$use$fp
    dflt_clz.o(x$fpl$dflt) refers (Special) to usenofp.o(x$fpl$usenofp) for __I$use$fp
    dflt_clz.o(x$fpl$dfltn) refers (Special) to usenofp.o(x$fpl$usenofp) for __I$use$fp
    dmul.o(x$fpl$dmul) refers (Special) to usenofp.o(x$fpl$usenofp) for __I$use$fp
    dmul.o(x$fpl$dmul) refers to dretinf.o(x$fpl$dretinf) for __fpl_dretinf
    dmul.o(x$fpl$dmul) refers to dnaninf.o(x$fpl$dnaninf) for __fpl_dnaninf
    rtentry.o(.ARM.Collect$$rtentry$$00000000) refers (Special) to rtentry2.o(.ARM.Collect$$rtentry$$0000000A) for __rt_entry_li
    rtentry.o(.ARM.Collect$$rtentry$$00000000) refers (Special) to rtentry2.o(.ARM.Collect$$rtentry$$0000000D) for __rt_entry_main
    rtentry.o(.ARM.Collect$$rtentry$$00000000) refers (Special) to rtentry2.o(.ARM.Collect$$rtentry$$0000000C) for __rt_entry_postli_1
    rtentry.o(.ARM.Collect$$rtentry$$00000000) refers (Special) to rtentry2.o(.ARM.Collect$$rtentry$$00000009) for __rt_entry_postsh_1
    rtentry.o(.ARM.Collect$$rtentry$$00000000) refers (Special) to rtentry2.o(.ARM.Collect$$rtentry$$00000002) for __rt_entry_presh_1
    rtentry.o(.ARM.Collect$$rtentry$$00000000) refers (Special) to rtentry4.o(.ARM.Collect$$rtentry$$00000004) for __rt_entry_sh
    dnaninf.o(x$fpl$dnaninf) refers (Special) to usenofp.o(x$fpl$usenofp) for __I$use$fp
    dretinf.o(x$fpl$dretinf) refers (Special) to usenofp.o(x$fpl$usenofp) for __I$use$fp
    fretinf.o(x$fpl$fretinf) refers (Special) to usenofp.o(x$fpl$usenofp) for __I$use$fp
    rtentry2.o(.ARM.Collect$$rtentry$$00000008) refers to boardinit2.o(.text) for _platform_post_stackheap_init
    rtentry2.o(.ARM.Collect$$rtentry$$0000000A) refers to libinit.o(.ARM.Collect$$libinit$$00000000) for __rt_lib_init
    rtentry2.o(.ARM.Collect$$rtentry$$0000000B) refers to boardinit3.o(.text) for _platform_post_lib_init
    rtentry2.o(.ARM.Collect$$rtentry$$0000000D) refers to main.o(.text) for main
    rtentry2.o(.ARM.Collect$$rtentry$$0000000D) refers to exit.o(.text) for exit
    rtentry2.o(.ARM.exidx) refers to rtentry2.o(.ARM.Collect$$rtentry$$00000001) for .ARM.Collect$$rtentry$$00000001
    rtentry2.o(.ARM.exidx) refers to rtentry2.o(.ARM.Collect$$rtentry$$00000008) for .ARM.Collect$$rtentry$$00000008
    rtentry2.o(.ARM.exidx) refers to rtentry2.o(.ARM.Collect$$rtentry$$0000000A) for .ARM.Collect$$rtentry$$0000000A
    rtentry2.o(.ARM.exidx) refers to rtentry2.o(.ARM.Collect$$rtentry$$0000000B) for .ARM.Collect$$rtentry$$0000000B
    rtentry2.o(.ARM.exidx) refers to rtentry2.o(.ARM.Collect$$rtentry$$0000000D) for .ARM.Collect$$rtentry$$0000000D
    rtentry4.o(.ARM.Collect$$rtentry$$00000004) refers to sys_stackheap_outer.o(.text) for __user_setup_stackheap
    rtentry4.o(.ARM.exidx) refers to rtentry4.o(.ARM.Collect$$rtentry$$00000004) for .ARM.Collect$$rtentry$$00000004
    sys_stackheap_outer.o(.text) refers to libspace.o(.text) for __user_perproc_libspace
    sys_stackheap_outer.o(.text) refers to startup_tm4c123 .o(.text) for __user_initial_stackheap
    exit.o(.text) refers to rtexit.o(.ARM.Collect$$rtexit$$00000000) for __rt_exit
    libinit.o(.ARM.Collect$$libinit$$00000000) refers (Special) to libinit2.o(.ARM.Collect$$libinit$$0000002C) for __rt_lib_init_alloca_1
    libinit.o(.ARM.Collect$$libinit$$00000000) refers (Special) to libinit2.o(.ARM.Collect$$libinit$$0000002A) for __rt_lib_init_argv_1
    libinit.o(.ARM.Collect$$libinit$$00000000) refers (Special) to libinit2.o(.ARM.Collect$$libinit$$00000019) for __rt_lib_init_atexit_1
    libinit.o(.ARM.Collect$$libinit$$00000000) refers (Special) to libinit2.o(.ARM.Collect$$libinit$$0000001F) for __rt_lib_init_clock_1
    libinit.o(.ARM.Collect$$libinit$$00000000) refers (Special) to libinit2.o(.ARM.Collect$$libinit$$00000030) for __rt_lib_init_cpp_1
    libinit.o(.ARM.Collect$$libinit$$00000000) refers (Special) to libinit2.o(.ARM.Collect$$libinit$$0000002E) for __rt_lib_init_exceptions_1
    libinit.o(.ARM.Collect$$libinit$$00000000) refers (Special) to libinit2.o(.ARM.Collect$$libinit$$00000001) for __rt_lib_init_fp_1
    libinit.o(.ARM.Collect$$libinit$$00000000) refers (Special) to libinit2.o(.ARM.Collect$$libinit$$0000001D) for __rt_lib_init_fp_trap_1
    libinit.o(.ARM.Collect$$libinit$$00000000) refers (Special) to libinit2.o(.ARM.Collect$$libinit$$00000021) for __rt_lib_init_getenv_1
    libinit.o(.ARM.Collect$$libinit$$00000000) refers (Special) to libinit2.o(.ARM.Collect$$libinit$$00000008) for __rt_lib_init_heap_1
    libinit.o(.ARM.Collect$$libinit$$00000000) refers (Special) to libinit2.o(.ARM.Collect$$libinit$$0000000F) for __rt_lib_init_lc_collate_1
    libinit.o(.ARM.Collect$$libinit$$00000000) refers (Special) to libinit2.o(.ARM.Collect$$libinit$$00000011) for __rt_lib_init_lc_ctype_1
    libinit.o(.ARM.Collect$$libinit$$00000000) refers (Special) to libinit2.o(.ARM.Collect$$libinit$$00000013) for __rt_lib_init_lc_monetary_1
    libinit.o(.ARM.Collect$$libinit$$00000000) refers (Special) to libinit2.o(.ARM.Collect$$libinit$$00000015) for __rt_lib_init_lc_numeric_1
    libinit.o(.ARM.Collect$$libinit$$00000000) refers (Special) to libinit2.o(.ARM.Collect$$libinit$$00000017) for __rt_lib_init_lc_time_1
    libinit.o(.ARM.Collect$$libinit$$00000000) refers (Special) to libinit2.o(.ARM.Collect$$libinit$$0000000C) for __rt_lib_init_rand_1
    libinit.o(.ARM.Collect$$libinit$$00000000) refers (Special) to libinit2.o(.ARM.Collect$$libinit$$00000031) for __rt_lib_init_return
    libinit.o(.ARM.Collect$$libinit$$00000000) refers (Special) to libinit2.o(.ARM.Collect$$libinit$$0000001B) for __rt_lib_init_signal_1
    libinit.o(.ARM.Collect$$libinit$$00000000) refers (Special) to libinit2.o(.ARM.Collect$$libinit$$00000023) for __rt_lib_init_stdio_1
    libinit.o(.ARM.Collect$$libinit$$00000000) refers (Special) to libinit2.o(.ARM.Collect$$libinit$$0000000A) for __rt_lib_init_user_alloc_1
    libspace.o(.text) refers to libspace.o(.bss) for __libspace_start
    rtexit.o(.ARM.Collect$$rtexit$$00000000) refers (Special) to rtexit2.o(.ARM.Collect$$rtexit$$00000004) for __rt_exit_exit
    rtexit.o(.ARM.Collect$$rtexit$$00000000) refers (Special) to rtexit2.o(.ARM.Collect$$rtexit$$00000003) for __rt_exit_ls
    rtexit.o(.ARM.Collect$$rtexit$$00000000) refers (Special) to rtexit2.o(.ARM.Collect$$rtexit$$00000002) for __rt_exit_prels_1
    rtexit.o(.ARM.exidx) refers (Special) to rtexit2.o(.ARM.Collect$$rtexit$$00000004) for __rt_exit_exit
    rtexit.o(.ARM.exidx) refers (Special) to rtexit2.o(.ARM.Collect$$rtexit$$00000003) for __rt_exit_ls
    rtexit.o(.ARM.exidx) refers (Special) to rtexit2.o(.ARM.Collect$$rtexit$$00000002) for __rt_exit_prels_1
    rtexit.o(.ARM.exidx) refers to rtexit.o(.ARM.Collect$$rtexit$$00000000) for .ARM.Collect$$rtexit$$00000000
    libinit2.o(.ARM.Collect$$libinit$$00000001) refers to fpinit.o(x$fpl$fpinit) for _fp_init
    libinit2.o(.ARM.Collect$$libinit$$0000000E) refers to libinit2.o(.ARM.Collect$$libinit$$0000000D) for .ARM.Collect$$libinit$$0000000D
    libinit2.o(.ARM.Collect$$libinit$$00000010) refers to libinit2.o(.ARM.Collect$$libinit$$0000000D) for .ARM.Collect$$libinit$$0000000D
    libinit2.o(.ARM.Collect$$libinit$$00000012) refers to libinit2.o(.ARM.Collect$$libinit$$0000000D) for .ARM.Collect$$libinit$$0000000D
    libinit2.o(.ARM.Collect$$libinit$$00000014) refers to libinit2.o(.ARM.Collect$$libinit$$0000000D) for .ARM.Collect$$libinit$$0000000D
    libinit2.o(.ARM.Collect$$libinit$$00000016) refers to libinit2.o(.ARM.Collect$$libinit$$0000000D) for .ARM.Collect$$libinit$$0000000D
    libinit2.o(.ARM.Collect$$libinit$$00000024) refers to argv_veneer.o(.emb_text) for __ARM_argv_veneer
    libinit2.o(.ARM.Collect$$libinit$$00000025) refers to argv_veneer.o(.emb_text) for __ARM_argv_veneer
    rtexit2.o(.ARM.Collect$$rtexit$$00000003) refers to libshutdown.o(.ARM.Collect$$libshutdown$$00000000) for __rt_lib_shutdown
    rtexit2.o(.ARM.Collect$$rtexit$$00000004) refers to sys_exit.o(.text) for _sys_exit
    rtexit2.o(.ARM.exidx) refers to rtexit2.o(.ARM.Collect$$rtexit$$00000001) for .ARM.Collect$$rtexit$$00000001
    rtexit2.o(.ARM.exidx) refers to rtexit2.o(.ARM.Collect$$rtexit$$00000003) for .ARM.Collect$$rtexit$$00000003
    rtexit2.o(.ARM.exidx) refers to rtexit2.o(.ARM.Collect$$rtexit$$00000004) for .ARM.Collect$$rtexit$$00000004
    argv_veneer.o(.emb_text) refers to no_argv.o(.text) for __ARM_get_argv
    sys_exit.o(.text) refers (Special) to use_no_semi.o(.text) for __I$use$semihosting
    sys_exit.o(.text) refers (Special) to indicate_semi.o(.text) for __semihosting_library_function
    _get_argv_nomalloc.o(.text) refers (Special) to hrguard.o(.text) for __heap_region$guard
    _get_argv_nomalloc.o(.text) refers to defsig_rtmem_outer.o(.text) for __rt_SIGRTMEM
    _get_argv_nomalloc.o(.text) refers to sys_command.o(.text) for _sys_command_string
    libshutdown.o(.ARM.Collect$$libshutdown$$00000000) refers (Special) to libshutdown2.o(.ARM.Collect$$libshutdown$$00000006) for __rt_lib_shutdown_fp_trap_1
    libshutdown.o(.ARM.Collect$$libshutdown$$00000000) refers (Special) to libshutdown2.o(.ARM.Collect$$libshutdown$$0000000E) for __rt_lib_shutdown_heap_1
    libshutdown.o(.ARM.Collect$$libshutdown$$00000000) refers (Special) to libshutdown2.o(.ARM.Collect$$libshutdown$$0000000F) for __rt_lib_shutdown_return
    libshutdown.o(.ARM.Collect$$libshutdown$$00000000) refers (Special) to libshutdown2.o(.ARM.Collect$$libshutdown$$00000009) for __rt_lib_shutdown_signal_1
    libshutdown.o(.ARM.Collect$$libshutdown$$00000000) refers (Special) to libshutdown2.o(.ARM.Collect$$libshutdown$$00000003) for __rt_lib_shutdown_stdio_1
    libshutdown.o(.ARM.Collect$$libshutdown$$00000000) refers (Special) to libshutdown2.o(.ARM.Collect$$libshutdown$$0000000B) for __rt_lib_shutdown_user_alloc_1
    sys_command.o(.text) refers (Special) to use_no_semi.o(.text) for __I$use$semihosting
    sys_command.o(.text) refers (Special) to indicate_semi.o(.text) for __semihosting_library_function
    defsig_rtmem_outer.o(.text) refers to defsig_rtmem_inner.o(.text) for __rt_SIGRTMEM_inner
    defsig_rtmem_outer.o(.text) refers to defsig_exit.o(.text) for __sig_exit
    defsig_rtmem_formal.o(.text) refers to rt_raise.o(.text) for __rt_raise
    rt_raise.o(.text) refers to __raise.o(.text) for __raise
    rt_raise.o(.text) refers to sys_exit.o(.text) for _sys_exit
    defsig_exit.o(.text) refers to sys_exit.o(.text) for _sys_exit
    defsig_rtmem_inner.o(.text) refers to defsig_general.o(.text) for __default_signal_display
    __raise.o(.text) refers to defsig.o(CL$$defsig) for __default_signal_handler
    defsig_general.o(.text) refers to sys_wrch.o(.text) for _ttywrch
    sys_wrch.o(.text) refers (Special) to use_no_semi.o(.text) for __I$use$semihosting
    sys_wrch.o(.text) refers (Special) to indicate_semi.o(.text) for __semihosting_library_function
    defsig.o(CL$$defsig) refers to defsig_rtmem_inner.o(.text) for __rt_SIGRTMEM_inner
    defsig_abrt_inner.o(.text) refers to defsig_general.o(.text) for __default_signal_display
    defsig_fpe_inner.o(.text) refers to defsig_general.o(.text) for __default_signal_display
    defsig_rtred_inner.o(.text) refers to defsig_general.o(.text) for __default_signal_display
    defsig_stak_inner.o(.text) refers to defsig_general.o(.text) for __default_signal_display
    defsig_pvfn_inner.o(.text) refers to defsig_general.o(.text) for __default_signal_display
    defsig_cppl_inner.o(.text) refers to defsig_general.o(.text) for __default_signal_display
    defsig_segv_inner.o(.text) refers to defsig_general.o(.text) for __default_signal_display
    defsig_other.o(.text) refers to defsig_general.o(.text) for __default_signal_display


==============================================================================

Removing Unused input sections from the image.

    Removing main.o(.rev16_text), (4 bytes).
    Removing main.o(.revsh_text), (4 bytes).
    Removing uart.o(.rev16_text), (4 bytes).
    Removing uart.o(.revsh_text), (4 bytes).
    Removing adc.o(.rev16_text), (4 bytes).
    Removing adc.o(.revsh_text), (4 bytes).
    Removing led_init.o(.text), (256 bytes).
    Removing pwm.o(.text), (756 bytes).

8 unused section(s) (total 1036 bytes) removed from the image.

==============================================================================

Image Symbol Table

    Local Symbols

    Symbol Name                              Value     Ov Type        Size  Object(Section)

    RESET                                    0x00000000   Section      620  startup_tm4c123 .o(RESET)
    ../clib/angel/boardlib.s                 0x00000000   Number         0  boardinit3.o ABSOLUTE
    ../clib/angel/boardlib.s                 0x00000000   Number         0  boardinit1.o ABSOLUTE
    ../clib/angel/boardlib.s                 0x00000000   Number         0  boardinit2.o ABSOLUTE
    ../clib/angel/boardlib.s                 0x00000000   Number         0  boardshut.o ABSOLUTE
    ../clib/angel/handlers.s                 0x00000000   Number         0  __scatter_zi.o ABSOLUTE
    ../clib/angel/kernel.s                   0x00000000   Number         0  rtexit.o ABSOLUTE
    ../clib/angel/kernel.s                   0x00000000   Number         0  rtentry2.o ABSOLUTE
    ../clib/angel/kernel.s                   0x00000000   Number         0  rtentry.o ABSOLUTE
    ../clib/angel/kernel.s                   0x00000000   Number         0  rtexit2.o ABSOLUTE
    ../clib/angel/kernel.s                   0x00000000   Number         0  rtentry4.o ABSOLUTE
    ../clib/angel/rt.s                       0x00000000   Number         0  rt_raise.o ABSOLUTE
    ../clib/angel/scatter.s                  0x00000000   Number         0  __scatter.o ABSOLUTE
    ../clib/angel/startup.s                  0x00000000   Number         0  __main.o ABSOLUTE
    ../clib/angel/sys.s                      0x00000000   Number         0  libspace.o ABSOLUTE
    ../clib/angel/sys.s                      0x00000000   Number         0  sys_stackheap_outer.o ABSOLUTE
    ../clib/angel/sys.s                      0x00000000   Number         0  use_no_semi.o ABSOLUTE
    ../clib/angel/sys.s                      0x00000000   Number         0  indicate_semi.o ABSOLUTE
    ../clib/angel/sysapp.c                   0x00000000   Number         0  sys_exit.o ABSOLUTE
    ../clib/angel/sysapp.c                   0x00000000   Number         0  sys_command.o ABSOLUTE
    ../clib/angel/sysapp.c                   0x00000000   Number         0  sys_wrch.o ABSOLUTE
    ../clib/armsys.c                         0x00000000   Number         0  argv_veneer.o ABSOLUTE
    ../clib/armsys.c                         0x00000000   Number         0  argv_veneer.o ABSOLUTE
    ../clib/armsys.c                         0x00000000   Number         0  _get_argv_nomalloc.o ABSOLUTE
    ../clib/armsys.c                         0x00000000   Number         0  no_argv.o ABSOLUTE
    ../clib/heapalloc.c                      0x00000000   Number         0  hrguard.o ABSOLUTE
    ../clib/heapaux.c                        0x00000000   Number         0  heapauxi.o ABSOLUTE
    ../clib/libinit.s                        0x00000000   Number         0  libinit.o ABSOLUTE
    ../clib/libinit.s                        0x00000000   Number         0  libshutdown.o ABSOLUTE
    ../clib/libinit.s                        0x00000000   Number         0  libshutdown2.o ABSOLUTE
    ../clib/libinit.s                        0x00000000   Number         0  libinit2.o ABSOLUTE
    ../clib/signal.c                         0x00000000   Number         0  defsig_stak_inner.o ABSOLUTE
    ../clib/signal.c                         0x00000000   Number         0  defsig_rtred_inner.o ABSOLUTE
    ../clib/signal.c                         0x00000000   Number         0  defsig_fpe_inner.o ABSOLUTE
    ../clib/signal.c                         0x00000000   Number         0  defsig_abrt_inner.o ABSOLUTE
    ../clib/signal.c                         0x00000000   Number         0  defsig_other.o ABSOLUTE
    ../clib/signal.c                         0x00000000   Number         0  defsig_general.o ABSOLUTE
    ../clib/signal.c                         0x00000000   Number         0  __raise.o ABSOLUTE
    ../clib/signal.c                         0x00000000   Number         0  defsig_rtmem_inner.o ABSOLUTE
    ../clib/signal.c                         0x00000000   Number         0  defsig_exit.o ABSOLUTE
    ../clib/signal.c                         0x00000000   Number         0  defsig_rtmem_formal.o ABSOLUTE
    ../clib/signal.c                         0x00000000   Number         0  defsig_rtmem_outer.o ABSOLUTE
    ../clib/signal.c                         0x00000000   Number         0  defsig_segv_inner.o ABSOLUTE
    ../clib/signal.c                         0x00000000   Number         0  defsig_cppl_inner.o ABSOLUTE
    ../clib/signal.c                         0x00000000   Number         0  defsig_pvfn_inner.o ABSOLUTE
    ../clib/signal.s                         0x00000000   Number         0  defsig.o ABSOLUTE
    ../clib/stdlib.c                         0x00000000   Number         0  exit.o ABSOLUTE
    ../fplib/d2f.s                           0x00000000   Number         0  d2f.o ABSOLUTE
    ../fplib/daddsub.s                       0x00000000   Number         0  daddsub_clz.o ABSOLUTE
    ../fplib/ddiv.s                          0x00000000   Number         0  ddiv.o ABSOLUTE
    ../fplib/dfixu.s                         0x00000000   Number         0  dfixu.o ABSOLUTE
    ../fplib/dflt.s                          0x00000000   Number         0  dflt_clz.o ABSOLUTE
    ../fplib/dmul.s                          0x00000000   Number         0  dmul.o ABSOLUTE
    ../fplib/dnaninf.s                       0x00000000   Number         0  dnaninf.o ABSOLUTE
    ../fplib/dretinf.s                       0x00000000   Number         0  dretinf.o ABSOLUTE
    ../fplib/fpinit.s                        0x00000000   Number         0  fpinit.o ABSOLUTE
    ../fplib/fretinf.s                       0x00000000   Number         0  fretinf.o ABSOLUTE
    ../fplib/usenofp.s                       0x00000000   Number         0  usenofp.o ABSOLUTE
    Led_Init.c                               0x00000000   Number         0  led_init.o ABSOLUTE
    PWM.c                                    0x00000000   Number         0  pwm.o ABSOLUTE
    adc.c                                    0x00000000   Number         0  adc.o ABSOLUTE
    adc.c                                    0x00000000   Number         0  adc.o ABSOLUTE
    dc.s                                     0x00000000   Number         0  dc.o ABSOLUTE
    main.c                                   0x00000000   Number         0  main.o ABSOLUTE
    main.c                                   0x00000000   Number         0  main.o ABSOLUTE
    motor.c                                  0x00000000   Number         0  motor.o ABSOLUTE
    startup_TM4C123 .s                       0x00000000   Number         0  startup_tm4c123 .o ABSOLUTE
    uart.c                                   0x00000000   Number         0  uart.o ABSOLUTE
    uart.c                                   0x00000000   Number         0  uart.o ABSOLUTE
    !!!main                                  0x0000026c   Section        8  __main.o(!!!main)
    !!!scatter                               0x00000274   Section       52  __scatter.o(!!!scatter)
    !!handler_zi                             0x000002a8   Section       28  __scatter_zi.o(!!handler_zi)
    .ARM.Collect$$libinit$$00000000          0x000002c4   Section        2  libinit.o(.ARM.Collect$$libinit$$00000000)
    .ARM.Collect$$libinit$$00000001          0x000002c6   Section        4  libinit2.o(.ARM.Collect$$libinit$$00000001)
    .ARM.Collect$$libinit$$00000008          0x000002ca   Section        0  libinit2.o(.ARM.Collect$$libinit$$00000008)
    .ARM.Collect$$libinit$$0000000A          0x000002ca   Section        0  libinit2.o(.ARM.Collect$$libinit$$0000000A)
    .ARM.Collect$$libinit$$0000000C          0x000002ca   Section        0  libinit2.o(.ARM.Collect$$libinit$$0000000C)
    .ARM.Collect$$libinit$$0000000F          0x000002ca   Section        0  libinit2.o(.ARM.Collect$$libinit$$0000000F)
    .ARM.Collect$$libinit$$00000011          0x000002ca   Section        0  libinit2.o(.ARM.Collect$$libinit$$00000011)
    .ARM.Collect$$libinit$$00000013          0x000002ca   Section        0  libinit2.o(.ARM.Collect$$libinit$$00000013)
    .ARM.Collect$$libinit$$00000015          0x000002ca   Section        0  libinit2.o(.ARM.Collect$$libinit$$00000015)
    .ARM.Collect$$libinit$$00000017          0x000002ca   Section        0  libinit2.o(.ARM.Collect$$libinit$$00000017)
    .ARM.Collect$$libinit$$00000019          0x000002ca   Section        0  libinit2.o(.ARM.Collect$$libinit$$00000019)
    .ARM.Collect$$libinit$$0000001B          0x000002ca   Section        0  libinit2.o(.ARM.Collect$$libinit$$0000001B)
    .ARM.Collect$$libinit$$0000001D          0x000002ca   Section        0  libinit2.o(.ARM.Collect$$libinit$$0000001D)
    .ARM.Collect$$libinit$$0000001F          0x000002ca   Section        0  libinit2.o(.ARM.Collect$$libinit$$0000001F)
    .ARM.Collect$$libinit$$00000021          0x000002ca   Section        0  libinit2.o(.ARM.Collect$$libinit$$00000021)
    .ARM.Collect$$libinit$$00000023          0x000002ca   Section        0  libinit2.o(.ARM.Collect$$libinit$$00000023)
    .ARM.Collect$$libinit$$0000002A          0x000002ca   Section        0  libinit2.o(.ARM.Collect$$libinit$$0000002A)
    .ARM.Collect$$libinit$$0000002C          0x000002ca   Section        0  libinit2.o(.ARM.Collect$$libinit$$0000002C)
    .ARM.Collect$$libinit$$0000002E          0x000002ca   Section        0  libinit2.o(.ARM.Collect$$libinit$$0000002E)
    .ARM.Collect$$libinit$$00000030          0x000002ca   Section        0  libinit2.o(.ARM.Collect$$libinit$$00000030)
    .ARM.Collect$$libinit$$00000031          0x000002ca   Section        2  libinit2.o(.ARM.Collect$$libinit$$00000031)
    .ARM.Collect$$libshutdown$$00000000      0x000002cc   Section        2  libshutdown.o(.ARM.Collect$$libshutdown$$00000000)
    .ARM.Collect$$libshutdown$$00000003      0x000002ce   Section        0  libshutdown2.o(.ARM.Collect$$libshutdown$$00000003)
    .ARM.Collect$$libshutdown$$00000006      0x000002ce   Section        0  libshutdown2.o(.ARM.Collect$$libshutdown$$00000006)
    .ARM.Collect$$libshutdown$$00000009      0x000002ce   Section        0  libshutdown2.o(.ARM.Collect$$libshutdown$$00000009)
    .ARM.Collect$$libshutdown$$0000000B      0x000002ce   Section        0  libshutdown2.o(.ARM.Collect$$libshutdown$$0000000B)
    .ARM.Collect$$libshutdown$$0000000E      0x000002ce   Section        0  libshutdown2.o(.ARM.Collect$$libshutdown$$0000000E)
    .ARM.Collect$$libshutdown$$0000000F      0x000002ce   Section        2  libshutdown2.o(.ARM.Collect$$libshutdown$$0000000F)
    .ARM.Collect$$rtentry$$00000000          0x000002d0   Section        0  rtentry.o(.ARM.Collect$$rtentry$$00000000)
    .ARM.Collect$$rtentry$$00000002          0x000002d0   Section        0  rtentry2.o(.ARM.Collect$$rtentry$$00000002)
    .ARM.Collect$$rtentry$$00000004          0x000002d0   Section        6  rtentry4.o(.ARM.Collect$$rtentry$$00000004)
    .ARM.Collect$$rtentry$$00000009          0x000002d6   Section        0  rtentry2.o(.ARM.Collect$$rtentry$$00000009)
    .ARM.Collect$$rtentry$$0000000A          0x000002d6   Section        4  rtentry2.o(.ARM.Collect$$rtentry$$0000000A)
    .ARM.Collect$$rtentry$$0000000C          0x000002da   Section        0  rtentry2.o(.ARM.Collect$$rtentry$$0000000C)
    .ARM.Collect$$rtentry$$0000000D          0x000002da   Section        8  rtentry2.o(.ARM.Collect$$rtentry$$0000000D)
    .ARM.Collect$$rtexit$$00000000           0x000002e2   Section        2  rtexit.o(.ARM.Collect$$rtexit$$00000000)
    .ARM.Collect$$rtexit$$00000002           0x000002e4   Section        0  rtexit2.o(.ARM.Collect$$rtexit$$00000002)
    .ARM.Collect$$rtexit$$00000003           0x000002e4   Section        4  rtexit2.o(.ARM.Collect$$rtexit$$00000003)
    .ARM.Collect$$rtexit$$00000004           0x000002e8   Section        6  rtexit2.o(.ARM.Collect$$rtexit$$00000004)
    .text                                    0x000002ee   Section        0  main.o(.text)
    .text                                    0x0000033c   Section      300  startup_tm4c123 .o(.text)
    $v0                                      0x0000033c   Number         0  startup_tm4c123 .o(.text)
    .text                                    0x00000468   Section        0  uart.o(.text)
    .text                                    0x0000086c   Section        0  motor.o(.text)
    .text                                    0x00000944   Section        0  adc.o(.text)
    .text                                    0x000009dc   Section        0  heapauxi.o(.text)
    .text                                    0x000009e2   Section       74  sys_stackheap_outer.o(.text)
    .text                                    0x00000a2c   Section        0  exit.o(.text)
    .text                                    0x00000a38   Section        8  libspace.o(.text)
    .text                                    0x00000a40   Section        0  sys_exit.o(.text)
    .text                                    0x00000a4c   Section        2  use_no_semi.o(.text)
    .text                                    0x00000a4e   Section        0  indicate_semi.o(.text)
    x$fpl$d2f                                0x00000a50   Section       98  d2f.o(x$fpl$d2f)
    $v0                                      0x00000a50   Number         0  d2f.o(x$fpl$d2f)
    x$fpl$dadd                               0x00000ab4   Section      336  daddsub_clz.o(x$fpl$dadd)
    $v0                                      0x00000ab4   Number         0  daddsub_clz.o(x$fpl$dadd)
    _dadd1                                   0x00000ac5   Thumb Code     0  daddsub_clz.o(x$fpl$dadd)
    x$fpl$ddiv                               0x00000c04   Section      688  ddiv.o(x$fpl$ddiv)
    $v0                                      0x00000c04   Number         0  ddiv.o(x$fpl$ddiv)
    ddiv_entry                               0x00000c0b   Thumb Code     0  ddiv.o(x$fpl$ddiv)
    x$fpl$dfltu                              0x00000eb4   Section       38  dflt_clz.o(x$fpl$dfltu)
    $v0                                      0x00000eb4   Number         0  dflt_clz.o(x$fpl$dfltu)
    x$fpl$dmul                               0x00000edc   Section      340  dmul.o(x$fpl$dmul)
    $v0                                      0x00000edc   Number         0  dmul.o(x$fpl$dmul)
    x$fpl$dnaninf                            0x00001030   Section      156  dnaninf.o(x$fpl$dnaninf)
    $v0                                      0x00001030   Number         0  dnaninf.o(x$fpl$dnaninf)
    x$fpl$dretinf                            0x000010cc   Section       12  dretinf.o(x$fpl$dretinf)
    $v0                                      0x000010cc   Number         0  dretinf.o(x$fpl$dretinf)
    x$fpl$dsub                               0x000010d8   Section      468  daddsub_clz.o(x$fpl$dsub)
    $v0                                      0x000010d8   Number         0  daddsub_clz.o(x$fpl$dsub)
    _dsub1                                   0x000010e9   Thumb Code     0  daddsub_clz.o(x$fpl$dsub)
    x$fpl$fpinit                             0x000012ac   Section       10  fpinit.o(x$fpl$fpinit)
    $v0                                      0x000012ac   Number         0  fpinit.o(x$fpl$fpinit)
    x$fpl$fretinf                            0x000012b6   Section       10  fretinf.o(x$fpl$fretinf)
    $v0                                      0x000012b6   Number         0  fretinf.o(x$fpl$fretinf)
    .constdata                               0x000012c0   Section        4  motor.o(.constdata)
    x$fpl$usenofp                            0x000012c0   Section        0  usenofp.o(x$fpl$usenofp)
    .bss                                     0x20000000   Section       96  libspace.o(.bss)
    HEAP                                     0x20000060   Section        0  startup_tm4c123 .o(HEAP)
    STACK                                    0x20000060   Section      512  startup_tm4c123 .o(STACK)
    Heap_Mem                                 0x20000060   Data           0  startup_tm4c123 .o(HEAP)
    Stack_Mem                                0x20000060   Data         512  startup_tm4c123 .o(STACK)
    __initial_sp                             0x20000260   Data           0  startup_tm4c123 .o(STACK)

    Global Symbols

    Symbol Name                              Value     Ov Type        Size  Object(Section)

    BuildAttributes$$THM_ISAv4$E$P$D$K$B$S$7EM$VFPi3$EXTD16$VFPS$VFMA$PE$A:L22UL41UL21$X:L11$S22US41US21$IEEE1$IW$USESV6$~STKCKD$USESV7$~SHL$OSPACE$ROPI$EBA8$UX$STANDARDLIB$REQ8$PRES8$EABIv2 0x00000000   Number         0  anon$$obj.o ABSOLUTE
    __ARM_use_no_argv                        0x00000000   Number         0  main.o ABSOLUTE
    __Vectors                                0x00000000   Data           4  startup_tm4c123 .o(RESET)
    __ARM_exceptions_init                     - Undefined Weak Reference
    __alloca_initialize                       - Undefined Weak Reference
    __cpp_initialize__aeabi_                  - Undefined Weak Reference
    __cxa_finalize                            - Undefined Weak Reference
    __rt_locale                               - Undefined Weak Reference
    __sigvec_lookup                           - Undefined Weak Reference
    _atexit_init                              - Undefined Weak Reference
    _call_atexit_fns                          - Undefined Weak Reference
    _clock_init                               - Undefined Weak Reference
    _fp_trap_init                             - Undefined Weak Reference
    _fp_trap_shutdown                         - Undefined Weak Reference
    _get_lc_collate                           - Undefined Weak Reference
    _get_lc_ctype                             - Undefined Weak Reference
    _get_lc_monetary                          - Undefined Weak Reference
    _get_lc_numeric                           - Undefined Weak Reference
    _get_lc_time                              - Undefined Weak Reference
    _getenv_init                              - Undefined Weak Reference
    _handle_redirection                       - Undefined Weak Reference
    _init_alloc                               - Undefined Weak Reference
    _init_user_alloc                          - Undefined Weak Reference
    _initio                                   - Undefined Weak Reference
    _rand_init                                - Undefined Weak Reference
    _signal_finish                            - Undefined Weak Reference
    _signal_init                              - Undefined Weak Reference
    _terminate_alloc                          - Undefined Weak Reference
    _terminate_user_alloc                     - Undefined Weak Reference
    _terminateio                              - Undefined Weak Reference
    __Vectors_End                            0x0000026c   Data           0  startup_tm4c123 .o(RESET)
    __Vectors_Size                           0x0000026c   Number         0  startup_tm4c123 .o ABSOLUTE
    __main                                   0x0000026d   Thumb Code     8  __main.o(!!!main)
    __scatterload                            0x00000275   Thumb Code     0  __scatter.o(!!!scatter)
    __scatterload_rt2                        0x00000275   Thumb Code    44  __scatter.o(!!!scatter)
    __scatterload_rt2_thumb_only             0x00000275   Thumb Code     0  __scatter.o(!!!scatter)
    __scatterload_null                       0x00000283   Thumb Code     0  __scatter.o(!!!scatter)
    __scatterload_zeroinit                   0x000002a9   Thumb Code    28  __scatter_zi.o(!!handler_zi)
    __rt_lib_init                            0x000002c5   Thumb Code     0  libinit.o(.ARM.Collect$$libinit$$00000000)
    __rt_lib_init_fp_1                       0x000002c7   Thumb Code     0  libinit2.o(.ARM.Collect$$libinit$$00000001)
    __rt_lib_init_alloca_1                   0x000002cb   Thumb Code     0  libinit2.o(.ARM.Collect$$libinit$$0000002C)
    __rt_lib_init_argv_1                     0x000002cb   Thumb Code     0  libinit2.o(.ARM.Collect$$libinit$$0000002A)
    __rt_lib_init_atexit_1                   0x000002cb   Thumb Code     0  libinit2.o(.ARM.Collect$$libinit$$00000019)
    __rt_lib_init_clock_1                    0x000002cb   Thumb Code     0  libinit2.o(.ARM.Collect$$libinit$$0000001F)
    __rt_lib_init_cpp_1                      0x000002cb   Thumb Code     0  libinit2.o(.ARM.Collect$$libinit$$00000030)
    __rt_lib_init_exceptions_1               0x000002cb   Thumb Code     0  libinit2.o(.ARM.Collect$$libinit$$0000002E)
    __rt_lib_init_fp_trap_1                  0x000002cb   Thumb Code     0  libinit2.o(.ARM.Collect$$libinit$$0000001D)
    __rt_lib_init_getenv_1                   0x000002cb   Thumb Code     0  libinit2.o(.ARM.Collect$$libinit$$00000021)
    __rt_lib_init_heap_1                     0x000002cb   Thumb Code     0  libinit2.o(.ARM.Collect$$libinit$$00000008)
    __rt_lib_init_lc_collate_1               0x000002cb   Thumb Code     0  libinit2.o(.ARM.Collect$$libinit$$0000000F)
    __rt_lib_init_lc_ctype_1                 0x000002cb   Thumb Code     0  libinit2.o(.ARM.Collect$$libinit$$00000011)
    __rt_lib_init_lc_monetary_1              0x000002cb   Thumb Code     0  libinit2.o(.ARM.Collect$$libinit$$00000013)
    __rt_lib_init_lc_numeric_1               0x000002cb   Thumb Code     0  libinit2.o(.ARM.Collect$$libinit$$00000015)
    __rt_lib_init_lc_time_1                  0x000002cb   Thumb Code     0  libinit2.o(.ARM.Collect$$libinit$$00000017)
    __rt_lib_init_rand_1                     0x000002cb   Thumb Code     0  libinit2.o(.ARM.Collect$$libinit$$0000000C)
    __rt_lib_init_return                     0x000002cb   Thumb Code     0  libinit2.o(.ARM.Collect$$libinit$$00000031)
    __rt_lib_init_signal_1                   0x000002cb   Thumb Code     0  libinit2.o(.ARM.Collect$$libinit$$0000001B)
    __rt_lib_init_stdio_1                    0x000002cb   Thumb Code     0  libinit2.o(.ARM.Collect$$libinit$$00000023)
    __rt_lib_init_user_alloc_1               0x000002cb   Thumb Code     0  libinit2.o(.ARM.Collect$$libinit$$0000000A)
    __rt_lib_shutdown                        0x000002cd   Thumb Code     0  libshutdown.o(.ARM.Collect$$libshutdown$$00000000)
    __rt_lib_shutdown_fp_trap_1              0x000002cf   Thumb Code     0  libshutdown2.o(.ARM.Collect$$libshutdown$$00000006)
    __rt_lib_shutdown_heap_1                 0x000002cf   Thumb Code     0  libshutdown2.o(.ARM.Collect$$libshutdown$$0000000E)
    __rt_lib_shutdown_return                 0x000002cf   Thumb Code     0  libshutdown2.o(.ARM.Collect$$libshutdown$$0000000F)
    __rt_lib_shutdown_signal_1               0x000002cf   Thumb Code     0  libshutdown2.o(.ARM.Collect$$libshutdown$$00000009)
    __rt_lib_shutdown_stdio_1                0x000002cf   Thumb Code     0  libshutdown2.o(.ARM.Collect$$libshutdown$$00000003)
    __rt_lib_shutdown_user_alloc_1           0x000002cf   Thumb Code     0  libshutdown2.o(.ARM.Collect$$libshutdown$$0000000B)
    __rt_entry                               0x000002d1   Thumb Code     0  rtentry.o(.ARM.Collect$$rtentry$$00000000)
    __rt_entry_presh_1                       0x000002d1   Thumb Code     0  rtentry2.o(.ARM.Collect$$rtentry$$00000002)
    __rt_entry_sh                            0x000002d1   Thumb Code     0  rtentry4.o(.ARM.Collect$$rtentry$$00000004)
    __rt_entry_li                            0x000002d7   Thumb Code     0  rtentry2.o(.ARM.Collect$$rtentry$$0000000A)
    __rt_entry_postsh_1                      0x000002d7   Thumb Code     0  rtentry2.o(.ARM.Collect$$rtentry$$00000009)
    __rt_entry_main                          0x000002db   Thumb Code     0  rtentry2.o(.ARM.Collect$$rtentry$$0000000D)
    __rt_entry_postli_1                      0x000002db   Thumb Code     0  rtentry2.o(.ARM.Collect$$rtentry$$0000000C)
    __rt_exit                                0x000002e3   Thumb Code     0  rtexit.o(.ARM.Collect$$rtexit$$00000000)
    __rt_exit_ls                             0x000002e5   Thumb Code     0  rtexit2.o(.ARM.Collect$$rtexit$$00000003)
    __rt_exit_prels_1                        0x000002e5   Thumb Code     0  rtexit2.o(.ARM.Collect$$rtexit$$00000002)
    __rt_exit_exit                           0x000002e9   Thumb Code     0  rtexit2.o(.ARM.Collect$$rtexit$$00000004)
    main                                     0x000002ef   Thumb Code    76  main.o(.text)
    Reset_Handler                            0x0000033d   Thumb Code    24  startup_tm4c123 .o(.text)
    NMI_Handler                              0x00000355   Thumb Code     2  startup_tm4c123 .o(.text)
    HardFault_Handler                        0x00000357   Thumb Code     2  startup_tm4c123 .o(.text)
    MemManage_Handler                        0x00000359   Thumb Code     2  startup_tm4c123 .o(.text)
    BusFault_Handler                         0x0000035b   Thumb Code     2  startup_tm4c123 .o(.text)
    UsageFault_Handler                       0x0000035d   Thumb Code     2  startup_tm4c123 .o(.text)
    SVC_Handler                              0x0000035f   Thumb Code     2  startup_tm4c123 .o(.text)
    DebugMon_Handler                         0x00000361   Thumb Code     2  startup_tm4c123 .o(.text)
    PendSV_Handler                           0x00000363   Thumb Code     2  startup_tm4c123 .o(.text)
    SysTick_Handler                          0x00000365   Thumb Code     2  startup_tm4c123 .o(.text)
    GPIOA_Handler                            0x00000367   Thumb Code     2  startup_tm4c123 .o(.text)
    GPIOB_Handler                            0x00000369   Thumb Code     2  startup_tm4c123 .o(.text)
    GPIOC_Handler                            0x0000036b   Thumb Code     2  startup_tm4c123 .o(.text)
    GPIOD_Handler                            0x0000036d   Thumb Code     2  startup_tm4c123 .o(.text)
    GPIOE_Handler                            0x0000036f   Thumb Code     2  startup_tm4c123 .o(.text)
    UART0_Handler                            0x00000371   Thumb Code     2  startup_tm4c123 .o(.text)
    UART1_Handler                            0x00000373   Thumb Code     2  startup_tm4c123 .o(.text)
    SSI0_Handler                             0x00000375   Thumb Code     2  startup_tm4c123 .o(.text)
    I2C0_Handler                             0x00000377   Thumb Code     2  startup_tm4c123 .o(.text)
    PMW0_FAULT_Handler                       0x00000379   Thumb Code     2  startup_tm4c123 .o(.text)
    PWM0_0_Handler                           0x0000037b   Thumb Code     2  startup_tm4c123 .o(.text)
    PWM0_1_Handler                           0x0000037d   Thumb Code     2  startup_tm4c123 .o(.text)
    PWM0_2_Handler                           0x0000037f   Thumb Code     2  startup_tm4c123 .o(.text)
    QEI0_Handler                             0x00000381   Thumb Code     2  startup_tm4c123 .o(.text)
    ADC0SS0_Handler                          0x00000383   Thumb Code     2  startup_tm4c123 .o(.text)
    ADC0SS1_Handler                          0x00000385   Thumb Code     2  startup_tm4c123 .o(.text)
    ADC0SS2_Handler                          0x00000387   Thumb Code     2  startup_tm4c123 .o(.text)
    ADC0SS3_Handler                          0x00000389   Thumb Code     2  startup_tm4c123 .o(.text)
    WDT0_Handler                             0x0000038b   Thumb Code     2  startup_tm4c123 .o(.text)
    TIMER0A_Handler                          0x0000038d   Thumb Code     2  startup_tm4c123 .o(.text)
    TIMER0B_Handler                          0x0000038f   Thumb Code     2  startup_tm4c123 .o(.text)
    TIMER1A_Handler                          0x00000391   Thumb Code     2  startup_tm4c123 .o(.text)
    TIMER1B_Handler                          0x00000393   Thumb Code     2  startup_tm4c123 .o(.text)
    TIMER2A_Handler                          0x00000395   Thumb Code     2  startup_tm4c123 .o(.text)
    TIMER2B_Handler                          0x00000397   Thumb Code     2  startup_tm4c123 .o(.text)
    COMP0_Handler                            0x00000399   Thumb Code     2  startup_tm4c123 .o(.text)
    COMP1_Handler                            0x0000039b   Thumb Code     2  startup_tm4c123 .o(.text)
    COMP2_Handler                            0x0000039d   Thumb Code     2  startup_tm4c123 .o(.text)
    SYSCTL_Handler                           0x0000039f   Thumb Code     2  startup_tm4c123 .o(.text)
    FLASH_Handler                            0x000003a1   Thumb Code     2  startup_tm4c123 .o(.text)
    GPIOF_Handler                            0x000003a3   Thumb Code     2  startup_tm4c123 .o(.text)
    GPIOG_Handler                            0x000003a5   Thumb Code     2  startup_tm4c123 .o(.text)
    GPIOH_Handler                            0x000003a7   Thumb Code     2  startup_tm4c123 .o(.text)
    UART2_Handler                            0x000003a9   Thumb Code     2  startup_tm4c123 .o(.text)
    SSI1_Handler                             0x000003ab   Thumb Code     2  startup_tm4c123 .o(.text)
    TIMER3A_Handler                          0x000003ad   Thumb Code     2  startup_tm4c123 .o(.text)
    TIMER3B_Handler                          0x000003af   Thumb Code     2  startup_tm4c123 .o(.text)
    I2C1_Handler                             0x000003b1   Thumb Code     2  startup_tm4c123 .o(.text)
    QEI1_Handler                             0x000003b3   Thumb Code     2  startup_tm4c123 .o(.text)
    CAN0_Handler                             0x000003b5   Thumb Code     2  startup_tm4c123 .o(.text)
    CAN1_Handler                             0x000003b7   Thumb Code     2  startup_tm4c123 .o(.text)
    CAN2_Handler                             0x000003b9   Thumb Code     2  startup_tm4c123 .o(.text)
    HIB_Handler                              0x000003bb   Thumb Code     2  startup_tm4c123 .o(.text)
    USB0_Handler                             0x000003bd   Thumb Code     2  startup_tm4c123 .o(.text)
    PWM0_3_Handler                           0x000003bf   Thumb Code     2  startup_tm4c123 .o(.text)
    UDMA_Handler                             0x000003c1   Thumb Code     2  startup_tm4c123 .o(.text)
    UDMAERR_Handler                          0x000003c3   Thumb Code     2  startup_tm4c123 .o(.text)
    ADC1SS0_Handler                          0x000003c5   Thumb Code     2  startup_tm4c123 .o(.text)
    ADC1SS1_Handler                          0x000003c7   Thumb Code     2  startup_tm4c123 .o(.text)
    ADC1SS2_Handler                          0x000003c9   Thumb Code     2  startup_tm4c123 .o(.text)
    ADC1SS3_Handler                          0x000003cb   Thumb Code     2  startup_tm4c123 .o(.text)
    GPIOJ_Handler                            0x000003cd   Thumb Code     2  startup_tm4c123 .o(.text)
    GPIOK_Handler                            0x000003cf   Thumb Code     2  startup_tm4c123 .o(.text)
    GPIOL_Handler                            0x000003d1   Thumb Code     2  startup_tm4c123 .o(.text)
    SSI2_Handler                             0x000003d3   Thumb Code     2  startup_tm4c123 .o(.text)
    SSI3_Handler                             0x000003d5   Thumb Code     2  startup_tm4c123 .o(.text)
    UART3_Handler                            0x000003d7   Thumb Code     2  startup_tm4c123 .o(.text)
    UART4_Handler                            0x000003d9   Thumb Code     2  startup_tm4c123 .o(.text)
    UART5_Handler                            0x000003db   Thumb Code     2  startup_tm4c123 .o(.text)
    UART6_Handler                            0x000003dd   Thumb Code     2  startup_tm4c123 .o(.text)
    UART7_Handler                            0x000003df   Thumb Code     2  startup_tm4c123 .o(.text)
    I2C2_Handler                             0x000003e1   Thumb Code     2  startup_tm4c123 .o(.text)
    I2C3_Handler                             0x000003e3   Thumb Code     2  startup_tm4c123 .o(.text)
    TIMER4A_Handler                          0x000003e5   Thumb Code     2  startup_tm4c123 .o(.text)
    TIMER4B_Handler                          0x000003e7   Thumb Code     2  startup_tm4c123 .o(.text)
    TIMER5A_Handler                          0x000003e9   Thumb Code     2  startup_tm4c123 .o(.text)
    TIMER5B_Handler                          0x000003eb   Thumb Code     2  startup_tm4c123 .o(.text)
    WTIMER0A_Handler                         0x000003ed   Thumb Code     2  startup_tm4c123 .o(.text)
    WTIMER0B_Handler                         0x000003ef   Thumb Code     2  startup_tm4c123 .o(.text)
    WTIMER1A_Handler                         0x000003f1   Thumb Code     2  startup_tm4c123 .o(.text)
    WTIMER1B_Handler                         0x000003f3   Thumb Code     2  startup_tm4c123 .o(.text)
    WTIMER2A_Handler                         0x000003f5   Thumb Code     2  startup_tm4c123 .o(.text)
    WTIMER2B_Handler                         0x000003f7   Thumb Code     2  startup_tm4c123 .o(.text)
    WTIMER3A_Handler                         0x000003f9   Thumb Code     2  startup_tm4c123 .o(.text)
    WTIMER3B_Handler                         0x000003fb   Thumb Code     2  startup_tm4c123 .o(.text)
    WTIMER4A_Handler                         0x000003fd   Thumb Code     2  startup_tm4c123 .o(.text)
    WTIMER4B_Handler                         0x000003ff   Thumb Code     2  startup_tm4c123 .o(.text)
    WTIMER5A_Handler                         0x00000401   Thumb Code     2  startup_tm4c123 .o(.text)
    WTIMER5B_Handler                         0x00000403   Thumb Code     2  startup_tm4c123 .o(.text)
    FPU_Handler                              0x00000405   Thumb Code     2  startup_tm4c123 .o(.text)
    I2C4_Handler                             0x00000407   Thumb Code     2  startup_tm4c123 .o(.text)
    I2C5_Handler                             0x00000409   Thumb Code     2  startup_tm4c123 .o(.text)
    GPIOM_Handler                            0x0000040b   Thumb Code     2  startup_tm4c123 .o(.text)
    GPION_Handler                            0x0000040d   Thumb Code     2  startup_tm4c123 .o(.text)
    QEI2_Handler                             0x0000040f   Thumb Code     2  startup_tm4c123 .o(.text)
    GPIOP0_Handler                           0x00000411   Thumb Code     2  startup_tm4c123 .o(.text)
    GPIOP1_Handler                           0x00000413   Thumb Code     2  startup_tm4c123 .o(.text)
    GPIOP2_Handler                           0x00000415   Thumb Code     2  startup_tm4c123 .o(.text)
    GPIOP3_Handler                           0x00000417   Thumb Code     2  startup_tm4c123 .o(.text)
    GPIOP4_Handler                           0x00000419   Thumb Code     2  startup_tm4c123 .o(.text)
    GPIOP5_Handler                           0x0000041b   Thumb Code     2  startup_tm4c123 .o(.text)
    GPIOP6_Handler                           0x0000041d   Thumb Code     2  startup_tm4c123 .o(.text)
    GPIOP7_Handler                           0x0000041f   Thumb Code     2  startup_tm4c123 .o(.text)
    GPIOQ0_Handler                           0x00000421   Thumb Code     2  startup_tm4c123 .o(.text)
    GPIOQ1_Handler                           0x00000423   Thumb Code     2  startup_tm4c123 .o(.text)
    GPIOQ2_Handler                           0x00000425   Thumb Code     2  startup_tm4c123 .o(.text)
    GPIOQ3_Handler                           0x00000427   Thumb Code     2  startup_tm4c123 .o(.text)
    GPIOQ4_Handler                           0x00000429   Thumb Code     2  startup_tm4c123 .o(.text)
    GPIOQ5_Handler                           0x0000042b   Thumb Code     2  startup_tm4c123 .o(.text)
    GPIOQ6_Handler                           0x0000042d   Thumb Code     2  startup_tm4c123 .o(.text)
    GPIOQ7_Handler                           0x0000042f   Thumb Code     2  startup_tm4c123 .o(.text)
    GPIOR_Handler                            0x00000431   Thumb Code     2  startup_tm4c123 .o(.text)
    GPIOS_Handler                            0x00000433   Thumb Code     2  startup_tm4c123 .o(.text)
    PMW1_0_Handler                           0x00000435   Thumb Code     2  startup_tm4c123 .o(.text)
    PWM1_1_Handler                           0x00000437   Thumb Code     2  startup_tm4c123 .o(.text)
    PWM1_2_Handler                           0x00000439   Thumb Code     2  startup_tm4c123 .o(.text)
    PWM1_3_Handler                           0x0000043b   Thumb Code     2  startup_tm4c123 .o(.text)
    PWM1_FAULT_Handler                       0x0000043d   Thumb Code     2  startup_tm4c123 .o(.text)
    DisableInterrupts                        0x00000441   Thumb Code     0  startup_tm4c123 .o(.text)
    EnableInterrupts                         0x00000445   Thumb Code     0  startup_tm4c123 .o(.text)
    __user_initial_stackheap                 0x00000449   Thumb Code     0  startup_tm4c123 .o(.text)
    uartInitM4_BTN                           0x00000469   Thumb Code   366  uart.o(.text)
    uartInitM3_ADC                           0x000005d7   Thumb Code   368  uart.o(.text)
    uartInterruptInit                        0x00000747   Thumb Code   142  uart.o(.text)
    UART_SEND_BTN                            0x000007d5   Thumb Code    18  uart.o(.text)
    UART_RECIEVE_BTN                         0x000007e7   Thumb Code    20  uart.o(.text)
    UART_SEND_ADC                            0x000007fb   Thumb Code    18  uart.o(.text)
    UART_RECIEVE_ADC                         0x0000080d   Thumb Code    20  uart.o(.text)
    delay_ms                                 0x0000086d   Thumb Code    26  motor.o(.text)
    Rotate                                   0x00000887   Thumb Code   112  motor.o(.text)
    motor_init                               0x000008f7   Thumb Code    54  motor.o(.text)
    ADC0_init                                0x00000945   Thumb Code    62  adc.o(.text)
    get_temp                                 0x00000983   Thumb Code    72  adc.o(.text)
    __use_two_region_memory                  0x000009dd   Thumb Code     2  heapauxi.o(.text)
    __rt_heap_escrow$2region                 0x000009df   Thumb Code     2  heapauxi.o(.text)
    __rt_heap_expand$2region                 0x000009e1   Thumb Code     2  heapauxi.o(.text)
    __user_setup_stackheap                   0x000009e3   Thumb Code    74  sys_stackheap_outer.o(.text)
    exit                                     0x00000a2d   Thumb Code    12  exit.o(.text)
    __user_libspace                          0x00000a39   Thumb Code     8  libspace.o(.text)
    __user_perproc_libspace                  0x00000a39   Thumb Code     0  libspace.o(.text)
    __user_perthread_libspace                0x00000a39   Thumb Code     0  libspace.o(.text)
    _sys_exit                                0x00000a41   Thumb Code     8  sys_exit.o(.text)
    __I$use$semihosting                      0x00000a4d   Thumb Code     0  use_no_semi.o(.text)
    __use_no_semihosting_swi                 0x00000a4d   Thumb Code     2  use_no_semi.o(.text)
    __semihosting_library_function           0x00000a4f   Thumb Code     0  indicate_semi.o(.text)
    __aeabi_d2f                              0x00000a51   Thumb Code     0  d2f.o(x$fpl$d2f)
    _d2f                                     0x00000a51   Thumb Code    98  d2f.o(x$fpl$d2f)
    __aeabi_dadd                             0x00000ab5   Thumb Code     0  daddsub_clz.o(x$fpl$dadd)
    _dadd                                    0x00000ab5   Thumb Code   332  daddsub_clz.o(x$fpl$dadd)
    __aeabi_ddiv                             0x00000c05   Thumb Code     0  ddiv.o(x$fpl$ddiv)
    _ddiv                                    0x00000c05   Thumb Code   552  ddiv.o(x$fpl$ddiv)
    __aeabi_ui2d                             0x00000eb5   Thumb Code     0  dflt_clz.o(x$fpl$dfltu)
    _dfltu                                   0x00000eb5   Thumb Code    38  dflt_clz.o(x$fpl$dfltu)
    __aeabi_dmul                             0x00000edd   Thumb Code     0  dmul.o(x$fpl$dmul)
    _dmul                                    0x00000edd   Thumb Code   332  dmul.o(x$fpl$dmul)
    __fpl_dnaninf                            0x00001031   Thumb Code   156  dnaninf.o(x$fpl$dnaninf)
    __fpl_dretinf                            0x000010cd   Thumb Code    12  dretinf.o(x$fpl$dretinf)
    __aeabi_dsub                             0x000010d9   Thumb Code     0  daddsub_clz.o(x$fpl$dsub)
    _dsub                                    0x000010d9   Thumb Code   464  daddsub_clz.o(x$fpl$dsub)
    _fp_init                                 0x000012ad   Thumb Code    10  fpinit.o(x$fpl$fpinit)
    __fplib_config_fpu_vfp                   0x000012b5   Thumb Code     0  fpinit.o(x$fpl$fpinit)
    __fplib_config_pureend_doubles           0x000012b5   Thumb Code     0  fpinit.o(x$fpl$fpinit)
    __fpl_fretinf                            0x000012b7   Thumb Code    10  fretinf.o(x$fpl$fretinf)
    __I$use$fp                               0x000012c0   Number         0  usenofp.o(x$fpl$usenofp)
    sequence                                 0x000012c0   Data           4  motor.o(.constdata)
    Region$$Table$$Base                      0x000012c4   Number         0  anon$$obj.o(Region$$Table)
    Region$$Table$$Limit                     0x000012d4   Number         0  anon$$obj.o(Region$$Table)
    __libspace_start                         0x20000000   Data          96  libspace.o(.bss)
    __temporary_stack_top$libspace           0x20000060   Data           0  libspace.o(.bss)



==============================================================================

Memory Map of the image

  Image Entry point : 0x0000033d

  Load Region LR_1 (Base: 0x00000000, Size: 0x000012d4, Max: 0xffffffff, ABSOLUTE)

    Execution Region ER_RO (Base: 0x00000000, Size: 0x000012d4, Max: 0xffffffff, ABSOLUTE)

    Base Addr    Size         Type   Attr      Idx    E Section Name        Object

    0x00000000   0x0000026c   Data   RO           64    RESET               startup_tm4c123 .o
    0x0000026c   0x00000008   Code   RO          166  * !!!main             c_w.l(__main.o)
    0x00000274   0x00000034   Code   RO          351    !!!scatter          c_w.l(__scatter.o)
    0x000002a8   0x0000001c   Code   RO          353    !!handler_zi        c_w.l(__scatter_zi.o)
    0x000002c4   0x00000002   Code   RO          224    .ARM.Collect$$libinit$$00000000  c_w.l(libinit.o)
    0x000002c6   0x00000004   Code   RO          230    .ARM.Collect$$libinit$$00000001  c_w.l(libinit2.o)
    0x000002ca   0x00000000   Code   RO          234    .ARM.Collect$$libinit$$00000008  c_w.l(libinit2.o)
    0x000002ca   0x00000000   Code   RO          236    .ARM.Collect$$libinit$$0000000A  c_w.l(libinit2.o)
    0x000002ca   0x00000000   Code   RO          238    .ARM.Collect$$libinit$$0000000C  c_w.l(libinit2.o)
    0x000002ca   0x00000000   Code   RO          241    .ARM.Collect$$libinit$$0000000F  c_w.l(libinit2.o)
    0x000002ca   0x00000000   Code   RO          243    .ARM.Collect$$libinit$$00000011  c_w.l(libinit2.o)
    0x000002ca   0x00000000   Code   RO          245    .ARM.Collect$$libinit$$00000013  c_w.l(libinit2.o)
    0x000002ca   0x00000000   Code   RO          247    .ARM.Collect$$libinit$$00000015  c_w.l(libinit2.o)
    0x000002ca   0x00000000   Code   RO          249    .ARM.Collect$$libinit$$00000017  c_w.l(libinit2.o)
    0x000002ca   0x00000000   Code   RO          251    .ARM.Collect$$libinit$$00000019  c_w.l(libinit2.o)
    0x000002ca   0x00000000   Code   RO          253    .ARM.Collect$$libinit$$0000001B  c_w.l(libinit2.o)
    0x000002ca   0x00000000   Code   RO          255    .ARM.Collect$$libinit$$0000001D  c_w.l(libinit2.o)
    0x000002ca   0x00000000   Code   RO          257    .ARM.Collect$$libinit$$0000001F  c_w.l(libinit2.o)
    0x000002ca   0x00000000   Code   RO          259    .ARM.Collect$$libinit$$00000021  c_w.l(libinit2.o)
    0x000002ca   0x00000000   Code   RO          261    .ARM.Collect$$libinit$$00000023  c_w.l(libinit2.o)
    0x000002ca   0x00000000   Code   RO          265    .ARM.Collect$$libinit$$0000002A  c_w.l(libinit2.o)
    0x000002ca   0x00000000   Code   RO          267    .ARM.Collect$$libinit$$0000002C  c_w.l(libinit2.o)
    0x000002ca   0x00000000   Code   RO          269    .ARM.Collect$$libinit$$0000002E  c_w.l(libinit2.o)
    0x000002ca   0x00000000   Code   RO          271    .ARM.Collect$$libinit$$00000030  c_w.l(libinit2.o)
    0x000002ca   0x00000002   Code   RO          272    .ARM.Collect$$libinit$$00000031  c_w.l(libinit2.o)
    0x000002cc   0x00000002   Code   RO          292    .ARM.Collect$$libshutdown$$00000000  c_w.l(libshutdown.o)
    0x000002ce   0x00000000   Code   RO          306    .ARM.Collect$$libshutdown$$00000003  c_w.l(libshutdown2.o)
    0x000002ce   0x00000000   Code   RO          309    .ARM.Collect$$libshutdown$$00000006  c_w.l(libshutdown2.o)
    0x000002ce   0x00000000   Code   RO          312    .ARM.Collect$$libshutdown$$00000009  c_w.l(libshutdown2.o)
    0x000002ce   0x00000000   Code   RO          314    .ARM.Collect$$libshutdown$$0000000B  c_w.l(libshutdown2.o)
    0x000002ce   0x00000000   Code   RO          317    .ARM.Collect$$libshutdown$$0000000E  c_w.l(libshutdown2.o)
    0x000002ce   0x00000002   Code   RO          318    .ARM.Collect$$libshutdown$$0000000F  c_w.l(libshutdown2.o)
    0x000002d0   0x00000000   Code   RO          192    .ARM.Collect$$rtentry$$00000000  c_w.l(rtentry.o)
    0x000002d0   0x00000000   Code   RO          201    .ARM.Collect$$rtentry$$00000002  c_w.l(rtentry2.o)
    0x000002d0   0x00000006   Code   RO          213    .ARM.Collect$$rtentry$$00000004  c_w.l(rtentry4.o)
    0x000002d6   0x00000000   Code   RO          203    .ARM.Collect$$rtentry$$00000009  c_w.l(rtentry2.o)
    0x000002d6   0x00000004   Code   RO          204    .ARM.Collect$$rtentry$$0000000A  c_w.l(rtentry2.o)
    0x000002da   0x00000000   Code   RO          206    .ARM.Collect$$rtentry$$0000000C  c_w.l(rtentry2.o)
    0x000002da   0x00000008   Code   RO          207    .ARM.Collect$$rtentry$$0000000D  c_w.l(rtentry2.o)
    0x000002e2   0x00000002   Code   RO          228    .ARM.Collect$$rtexit$$00000000  c_w.l(rtexit.o)
    0x000002e4   0x00000000   Code   RO          274    .ARM.Collect$$rtexit$$00000002  c_w.l(rtexit2.o)
    0x000002e4   0x00000004   Code   RO          275    .ARM.Collect$$rtexit$$00000003  c_w.l(rtexit2.o)
    0x000002e8   0x00000006   Code   RO          276    .ARM.Collect$$rtexit$$00000004  c_w.l(rtexit2.o)
    0x000002ee   0x0000004c   Code   RO            3    .text               main.o
    0x0000033a   0x00000002   PAD
    0x0000033c   0x0000012c   Code   RO           65  * .text               startup_tm4c123 .o
    0x00000468   0x00000404   Code   RO           71    .text               uart.o
    0x0000086c   0x000000d8   Code   RO           96    .text               motor.o
    0x00000944   0x00000098   Code   RO          113    .text               adc.o
    0x000009dc   0x00000006   Code   RO          164    .text               c_w.l(heapauxi.o)
    0x000009e2   0x0000004a   Code   RO          215    .text               c_w.l(sys_stackheap_outer.o)
    0x00000a2c   0x0000000c   Code   RO          217    .text               c_w.l(exit.o)
    0x00000a38   0x00000008   Code   RO          225    .text               c_w.l(libspace.o)
    0x00000a40   0x0000000c   Code   RO          284    .text               c_w.l(sys_exit.o)
    0x00000a4c   0x00000002   Code   RO          295    .text               c_w.l(use_no_semi.o)
    0x00000a4e   0x00000000   Code   RO          297    .text               c_w.l(indicate_semi.o)
    0x00000a4e   0x00000002   PAD
    0x00000a50   0x00000062   Code   RO          168    x$fpl$d2f           fz_wm.l(d2f.o)
    0x00000ab2   0x00000002   PAD
    0x00000ab4   0x00000150   Code   RO          170    x$fpl$dadd          fz_wm.l(daddsub_clz.o)
    0x00000c04   0x000002b0   Code   RO          177    x$fpl$ddiv          fz_wm.l(ddiv.o)
    0x00000eb4   0x00000026   Code   RO          184    x$fpl$dfltu         fz_wm.l(dflt_clz.o)
    0x00000eda   0x00000002   PAD
    0x00000edc   0x00000154   Code   RO          190    x$fpl$dmul          fz_wm.l(dmul.o)
    0x00001030   0x0000009c   Code   RO          193    x$fpl$dnaninf       fz_wm.l(dnaninf.o)
    0x000010cc   0x0000000c   Code   RO          195    x$fpl$dretinf       fz_wm.l(dretinf.o)
    0x000010d8   0x000001d4   Code   RO          172    x$fpl$dsub          fz_wm.l(daddsub_clz.o)
    0x000012ac   0x0000000a   Code   RO          282    x$fpl$fpinit        fz_wm.l(fpinit.o)
    0x000012b6   0x0000000a   Code   RO          197    x$fpl$fretinf       fz_wm.l(fretinf.o)
    0x000012c0   0x00000000   Code   RO          199    x$fpl$usenofp       fz_wm.l(usenofp.o)
    0x000012c0   0x00000004   Data   RO           97    .constdata          motor.o
    0x000012c4   0x00000010   Data   RO          349    Region$$Table       anon$$obj.o


    Execution Region ER_RW (Base: 0x20000000, Size: 0x00000000, Max: 0xffffffff, ABSOLUTE)

    **** No section assigned to this execution region ****


    Execution Region ER_ZI (Base: 0x20000000, Size: 0x00000260, Max: 0xffffffff, ABSOLUTE)

    Base Addr    Size         Type   Attr      Idx    E Section Name        Object

    0x20000000   0x00000060   Zero   RW          226    .bss                c_w.l(libspace.o)
    0x20000060   0x00000000   Zero   RW           63    HEAP                startup_tm4c123 .o
    0x20000060   0x00000200   Zero   RW           62    STACK               startup_tm4c123 .o


==============================================================================

Image component sizes


      Code (inc. data)   RO Data    RW Data    ZI Data      Debug   Object Name

       152         18          0          0          0        705   adc.o
        76          0          0          0          0       5227   main.o
       216         24          4          0          0       1488   motor.o
       300         24        620          0        512       5428   startup_tm4c123 .o
      1028         76          0          0          0       2132   uart.o

    ----------------------------------------------------------------------
      1774        142        640          0        512      14980   Object Totals
         0          0         16          0          0          0   (incl. Generated)
         2          0          0          0          0          0   (incl. Padding)

    ----------------------------------------------------------------------

      Code (inc. data)   RO Data    RW Data    ZI Data      Debug   Library Member Name

         8          0          0          0          0         68   __main.o
        52          8          0          0          0          0   __scatter.o
        28          0          0          0          0          0   __scatter_zi.o
        12          0          0          0          0         72   exit.o
         6          0          0          0          0        152   heapauxi.o
         0          0          0          0          0          0   indicate_semi.o
         2          0          0          0          0          0   libinit.o
         6          0          0          0          0          0   libinit2.o
         2          0          0          0          0          0   libshutdown.o
         2          0          0          0          0          0   libshutdown2.o
         8          4          0          0         96         68   libspace.o
         0          0          0          0          0          0   rtentry.o
        12          0          0          0          0          0   rtentry2.o
         6          0          0          0          0          0   rtentry4.o
         2          0          0          0          0          0   rtexit.o
        10          0          0          0          0          0   rtexit2.o
        12          4          0          0          0         68   sys_exit.o
        74          0          0          0          0         80   sys_stackheap_outer.o
         2          0          0          0          0         68   use_no_semi.o
        98          4          0          0          0        140   d2f.o
       804         16          0          0          0        368   daddsub_clz.o
       688        140          0          0          0        256   ddiv.o
        38          0          0          0          0        116   dflt_clz.o
       340         12          0          0          0        152   dmul.o
       156          4          0          0          0        140   dnaninf.o
        12          0          0          0          0        116   dretinf.o
        10          0          0          0          0        116   fpinit.o
        10          0          0          0          0        116   fretinf.o
         0          0          0          0          0          0   usenofp.o

    ----------------------------------------------------------------------
      2406        192          0          0         96       2096   Library Totals
         6          0          0          0          0          0   (incl. Padding)

    ----------------------------------------------------------------------

      Code (inc. data)   RO Data    RW Data    ZI Data      Debug   Library Name

       244         16          0          0         96        576   c_w.l
      2156        176          0          0          0       1520   fz_wm.l

    ----------------------------------------------------------------------
      2406        192          0          0         96       2096   Library Totals

    ----------------------------------------------------------------------

==============================================================================


      Code (inc. data)   RO Data    RW Data    ZI Data      Debug   

      4180        334        640          0        608      15416   Grand Totals
      4180        334        640          0        608      15416   ELF Image Totals
      4180        334        640          0          0          0   ROM Totals

==============================================================================

    Total RO  Size (Code + RO Data)                 4820 (   4.71kB)
    Total RW  Size (RW Data + ZI Data)               608 (   0.59kB)
    Total ROM Size (Code + RO Data + RW Data)       4820 (   4.71kB)

==============================================================================

