<html>
<body>
<pre>
<h1>µVision Build Log</h1>
<h2>Project:</h2>
D:\eng\3rd year\Second Term\MicroProcessor Based Systems\Projects\Project_2_smartHome\keil project\Board1.uvproj
Project File Date:  05/15/2019

<h2>Output:</h2>
Build target 'Target 1'
linking...
Program Size: Code=5888 RO-data=640 RW-data=0 ZI-data=608  
".\Board1.axf" - 0 Error(s), 0 Warning(s).
Load "D:\\eng\\3rd year\\Second Term\\MicroProcessor Based Systems\\Projects\\Project_2_smartHome\\keil project\\Board1.axf" 
Connecting: Mode=JTAG, Speed=1000000Hz
Erase Done.
Programming Done.
Verify OK.
data=640 RW-data=0 ZI-data=608  
".\Board1.axf" - 0 Error(s), 1 Warning(s).
