<html>
<body>
<pre>
<h1>µVision Build Log</h1>
<h2>Project:</h2>
D:\eng\3rd year\Second Term\MicroProcessor Based Systems\Projects\Project_2_smartHome\keil project\Board1.uvproj
Project File Date:  05/13/2019

<h2>Output:</h2>
Build target 'Target 1'
compiling main.c...
tm4c123gh6pm_a.h(9999): warning:  #2775-D: white space is required between the macro name "SYSCTL_DCGC2_C" and its replacement text
  #define SYSCTL_DCGC2_C:\Keil\TExaSware\C2_Toggle_PF1\lib      0x00000001  // Port A Clock Gating Control
motor.h(6): warning:  #1-D: last line of file ends without a newline
  void delay_ms(int delay);
uart.h(6): warning:  #1295-D: Deprecated declaration UART_RECIEVE_BTN - give arg types
  char UART_RECIEVE_BTN();
uart.h(8): warning:  #1295-D: Deprecated declaration UART_RECIEVE_ADC - give arg types
  char UART_RECIEVE_ADC ();
adc.h(2): warning:  #1295-D: Deprecated declaration ADC0_init - give arg types
  void ADC0_init();
adc.h(3): warning:  #1295-D: Deprecated declaration get_temp - give arg types
  uint16_t get_temp();
adc.h(4): warning:  #1-D: last line of file ends without a newline
  void UART0_puts(char* s);
main.c(10): warning:  #177-D: variable "data_btn" was declared but never referenced
  int8_t data_btn,upper,lower;
main.c(11): warning:  #177-D: variable "duty_cycle" was declared but never referenced
  int duty_cycle,data_adc,temp;
main.c(11): warning:  #177-D: variable "data_adc" was declared but never referenced
  int duty_cycle,data_adc,temp;
main.c: 10 warnings, 0 errors
linking...
Program Size: Code=4180 RO-data=640 RW-data=0 ZI-data=608  
".\Board1.axf" - 0 Error(s), 10 Warning(s).
</pre>
</body>
</html>
econd Term\\MicroProcessor Based Systems\\Projects\\Project_2_smartHome\\keil project\\Board1.axf" 
Connecting: Mode=JTAG, Speed=1000000Hz
Erase Done.
Programming Done.
Verify OK.
-data=640 RW-data=0 ZI-data=608  
".\Board1.axf" - 0 Error(s), 11 Warning(s).
